================ 聚类实验 ================
开始时间: Sun Apr 13 20:45:58 HKT 2025
==========================================

运行实验: PCA(50) + HDBSCAN
命令: python cluster_topic_exp.py --name pca50_hdbscan --dim_reduction pca --pca_components 50 --clustering hdbscan --db_path /home/dyvm6xra/dyvm6xrauser11/workspace/projects/HKU/Chatbot/Data/database --output_dir ./clustering_results --use_gpu
开始时间: Sun Apr 13 20:45:58 HKT 2025
正在加载embeddings...
从缓存文件加载embeddings，数据形状: (327212, 768)
使用 pca 进行降维...
PCA累积解释方差比: 0.7065

=== HDBSCAN聚类 ===
使用HDBSCAN进行聚类...
使用 GPU 加速的 HDBSCAN...
发现 713 个聚类
噪声点数量: 166742 (50.96%)
轮廓系数: -0.0861
Calinski-Harabasz指数: 249.1727
只能可视化2维数据，请先使用reduce_dimensions降至2维
实验结果已保存至: ./clustering_results/pca50_hdbscan_results.json
结束时间: Sun Apr 13 20:46:22 HKT 2025
==========================================

运行实验: PCA(50) + KMEANS(自动寻找最佳K)
命令: python cluster_topic_exp.py --name pca50_kmeans_auto --dim_reduction pca --pca_components 50 --clustering kmeans --kmeans_min_k 10 --kmeans_max_k 210 --kmeans_step 20 --db_path /home/dyvm6xra/dyvm6xrauser11/workspace/projects/HKU/Chatbot/Data/database --output_dir ./clustering_results --use_gpu
开始时间: Sun Apr 13 20:46:22 HKT 2025
正在加载embeddings...
从缓存文件加载embeddings，数据形状: (327212, 768)
使用 pca 进行降维...
PCA累积解释方差比: 0.7065

=== 寻找最佳K值 ===
寻找最佳K值...
最佳聚类数量: 30

=== K-means聚类 (最佳K) ===
使用K-means进行聚类...
使用 GPU 加速的 KMeans...
聚类数量: 30
轮廓系数: 0.0827
Calinski-Harabasz指数: 6454.9746
只能可视化2维数据，请先使用reduce_dimensions降至2维
实验结果已保存至: ./clustering_results/pca50_kmeans_auto_results.json
结束时间: Sun Apr 13 20:46:52 HKT 2025
==========================================

